[2022-12-22T02:40:02.169+0000][171][gc,init] CardTable entry size: 512
[2022-12-22T02:40:02.169+0000][171][gc     ] Using G1
[2022-12-22T02:40:02.178+0000][171][gc,init] Version: 19.0.1+10-21 (release)
[2022-12-22T02:40:02.178+0000][171][gc,init] CPUs: 2 total, 2 available
[2022-12-22T02:40:02.178+0000][171][gc,init] Memory: 3951M
[2022-12-22T02:40:02.178+0000][171][gc,init] Large Page Support: Disabled
[2022-12-22T02:40:02.178+0000][171][gc,init] NUMA Support: Disabled
[2022-12-22T02:40:02.178+0000][171][gc,init] Compressed Oops: Enabled (32-bit)
[2022-12-22T02:40:02.178+0000][171][gc,init] Heap Region Size: 1M
[2022-12-22T02:40:02.178+0000][171][gc,init] Heap Min Capacity: 1976M
[2022-12-22T02:40:02.178+0000][171][gc,init] Heap Initial Capacity: 1976M
[2022-12-22T02:40:02.178+0000][171][gc,init] Heap Max Capacity: 1976M
[2022-12-22T02:40:02.178+0000][171][gc,init] Pre-touch: Disabled
[2022-12-22T02:40:02.178+0000][171][gc,init] Parallel Workers: 2
[2022-12-22T02:40:02.178+0000][171][gc,init] Concurrent Workers: 1
[2022-12-22T02:40:02.178+0000][171][gc,init] Concurrent Refinement Workers: 2
[2022-12-22T02:40:02.178+0000][171][gc,init] Periodic GC: Disabled
[2022-12-22T02:40:02.178+0000][171][gc,metaspace] CDS archive(s) not mapped
[2022-12-22T02:40:02.178+0000][171][gc,metaspace] Compressed class space mapped at: 0x0000000100000000-0x0000000140000000, reserved size: 1073741824
[2022-12-22T02:40:02.178+0000][171][gc,metaspace] Narrow klass base: 0x0000000000000000, Narrow klass shift: 3, Narrow klass range: 0x140000000
[2022-12-22T02:40:02.272+0000][171][gc,heap,exit] Heap
[2022-12-22T02:40:02.272+0000][171][gc,heap,exit]  garbage-first heap   total 2023424K, used 2050K [0x0000000084800000, 0x0000000100000000)
[2022-12-22T02:40:02.272+0000][171][gc,heap,exit]   region size 1024K, 3 young (3072K), 0 survivors (0K)
[2022-12-22T02:40:02.272+0000][171][gc,heap,exit]  Metaspace       used 3814K, committed 3904K, reserved 1114112K
[2022-12-22T02:40:02.272+0000][171][gc,heap,exit]   class space    used 286K, committed 320K, reserved 1048576K
