[2022-12-22T02:40:02.313+0000][7][gc,init] CardTable entry size: 512
[2022-12-22T02:40:02.314+0000][7][gc     ] Using G1
[2022-12-22T02:40:02.600+0000][7][gc,init] Version: 19.0.1+10-21 (release)
[2022-12-22T02:40:02.600+0000][7][gc,init] CPUs: 2 total, 2 available
[2022-12-22T02:40:02.600+0000][7][gc,init] Memory: 3951M
[2022-12-22T02:40:02.600+0000][7][gc,init] Large Page Support: Disabled
[2022-12-22T02:40:02.600+0000][7][gc,init] NUMA Support: Disabled
[2022-12-22T02:40:02.600+0000][7][gc,init] Compressed Oops: Enabled (32-bit)
[2022-12-22T02:40:02.600+0000][7][gc,init] Heap Region Size: 4M
[2022-12-22T02:40:02.600+0000][7][gc,init] Heap Min Capacity: 1976M
[2022-12-22T02:40:02.600+0000][7][gc,init] Heap Initial Capacity: 1976M
[2022-12-22T02:40:02.600+0000][7][gc,init] Heap Max Capacity: 1976M
[2022-12-22T02:40:02.600+0000][7][gc,init] Pre-touch: Enabled
[2022-12-22T02:40:02.600+0000][7][gc,init] Parallel Workers: 2
[2022-12-22T02:40:02.600+0000][7][gc,init] Concurrent Workers: 1
[2022-12-22T02:40:02.600+0000][7][gc,init] Concurrent Refinement Workers: 2
[2022-12-22T02:40:02.600+0000][7][gc,init] Periodic GC: Disabled
[2022-12-22T02:40:02.600+0000][7][gc,metaspace] CDS archive(s) mapped at: [0x0000000800000000-0x0000000800c4f000-0x0000000800c4f000), size 12906496, SharedBaseAddress: 0x0000000800000000, ArchiveRelocationMode: 0.
[2022-12-22T02:40:02.600+0000][7][gc,metaspace] Compressed class space mapped at: 0x0000000801000000-0x0000000841000000, reserved size: 1073741824
[2022-12-22T02:40:02.600+0000][7][gc,metaspace] Narrow klass base: 0x0000000800000000, Narrow klass shift: 0, Narrow klass range: 0x100000000
[2022-12-22T02:40:03.159+0000][7][safepoint   ] Safepoint "ICBufferFull", Time since last: 555041326 ns, Reaching safepoint: 92717 ns, At safepoint: 2832 ns, Total: 95549 ns
[2022-12-22T02:40:03.601+0000][7][safepoint   ] Safepoint "ICBufferFull", Time since last: 441580952 ns, Reaching safepoint: 203444 ns, At safepoint: 3984 ns, Total: 207428 ns
[2022-12-22T02:40:04.138+0000][7][safepoint   ] Safepoint "ICBufferFull", Time since last: 536488848 ns, Reaching safepoint: 141695 ns, At safepoint: 4670 ns, Total: 146365 ns
[2022-12-22T02:40:04.180+0000][7][gc,start    ] GC(0) Pause Young (Normal) (G1 Evacuation Pause)
[2022-12-22T02:40:04.180+0000][7][gc,task     ] GC(0) Using 2 workers of 2 for evacuation
[2022-12-22T02:40:04.180+0000][7][gc,age      ] GC(0) Desired survivor size 6291456 bytes, new threshold 15 (max threshold 15)
[2022-12-22T02:40:04.194+0000][7][gc,phases   ] GC(0)   Pre Evacuate Collection Set: 0.2ms
[2022-12-22T02:40:04.194+0000][7][gc,phases   ] GC(0)   Merge Heap Roots: 0.6ms
[2022-12-22T02:40:04.194+0000][7][gc,phases   ] GC(0)   Evacuate Collection Set: 12.1ms
[2022-12-22T02:40:04.194+0000][7][gc,phases   ] GC(0)   Post Evacuate Collection Set: 1.4ms
[2022-12-22T02:40:04.194+0000][7][gc,phases   ] GC(0)   Other: 0.1ms
[2022-12-22T02:40:04.194+0000][7][gc,age      ] GC(0) Age table with threshold 15 (max threshold 15)
[2022-12-22T02:40:04.194+0000][7][gc,age      ] GC(0) - age   1:    7741312 bytes,    7741312 total
[2022-12-22T02:40:04.194+0000][7][gc,heap     ] GC(0) Eden regions: 24->0(22)
[2022-12-22T02:40:04.194+0000][7][gc,heap     ] GC(0) Survivor regions: 0->2(3)
[2022-12-22T02:40:04.194+0000][7][gc,heap     ] GC(0) Old regions: 0->0
[2022-12-22T02:40:04.194+0000][7][gc,heap     ] GC(0) Archive regions: 2->2
[2022-12-22T02:40:04.194+0000][7][gc,heap     ] GC(0) Humongous regions: 0->0
[2022-12-22T02:40:04.194+0000][7][gc,metaspace] GC(0) Metaspace: 15754K(16064K)->15754K(16064K) NonClass: 13996K(14144K)->13996K(14144K) Class: 1757K(1920K)->1757K(1920K)
[2022-12-22T02:40:04.194+0000][7][gc          ] GC(0) Pause Young (Normal) (G1 Evacuation Pause) 99M->11M(1976M) 14.518ms
[2022-12-22T02:40:04.194+0000][7][gc,cpu      ] GC(0) User=0.01s Sys=0.01s Real=0.02s
[2022-12-22T02:40:04.194+0000][7][safepoint   ] Safepoint "G1CollectForAllocation", Time since last: 42054981 ns, Reaching safepoint: 118995 ns, At safepoint: 14559362 ns, Total: 14678357 ns
[2022-12-22T02:40:04.529+0000][7][gc,start    ] GC(1) Pause Young (Normal) (G1 Evacuation Pause)
[2022-12-22T02:40:04.529+0000][7][gc,task     ] GC(1) Using 2 workers of 2 for evacuation
[2022-12-22T02:40:04.529+0000][7][gc,age      ] GC(1) Desired survivor size 6291456 bytes, new threshold 1 (max threshold 15)
[2022-12-22T02:40:04.539+0000][7][gc,phases   ] GC(1)   Pre Evacuate Collection Set: 0.1ms
[2022-12-22T02:40:04.539+0000][7][gc,phases   ] GC(1)   Merge Heap Roots: 0.1ms
[2022-12-22T02:40:04.539+0000][7][gc,phases   ] GC(1)   Evacuate Collection Set: 8.7ms
[2022-12-22T02:40:04.539+0000][7][gc,phases   ] GC(1)   Post Evacuate Collection Set: 0.7ms
[2022-12-22T02:40:04.539+0000][7][gc,phases   ] GC(1)   Other: 0.1ms
[2022-12-22T02:40:04.539+0000][7][gc,age      ] GC(1) Age table with threshold 1 (max threshold 15)
[2022-12-22T02:40:04.539+0000][7][gc,age      ] GC(1) - age   1:    2650296 bytes,    2650296 total
[2022-12-22T02:40:04.539+0000][7][gc,heap     ] GC(1) Eden regions: 22->0(23)
[2022-12-22T02:40:04.539+0000][7][gc,heap     ] GC(1) Survivor regions: 2->1(3)
[2022-12-22T02:40:04.539+0000][7][gc,heap     ] GC(1) Old regions: 0->2
[2022-12-22T02:40:04.539+0000][7][gc,heap     ] GC(1) Archive regions: 2->2
[2022-12-22T02:40:04.539+0000][7][gc,heap     ] GC(1) Humongous regions: 0->0
[2022-12-22T02:40:04.539+0000][7][gc,metaspace] GC(1) Metaspace: 17886K(18240K)->17886K(18240K) NonClass: 15875K(16064K)->15875K(16064K) Class: 2011K(2176K)->2011K(2176K)
[2022-12-22T02:40:04.539+0000][7][gc          ] GC(1) Pause Young (Normal) (G1 Evacuation Pause) 99M->14M(1976M) 9.714ms
[2022-12-22T02:40:04.539+0000][7][gc,cpu      ] GC(1) User=0.01s Sys=0.00s Real=0.01s
[2022-12-22T02:40:04.539+0000][7][safepoint   ] Safepoint "G1CollectForAllocation", Time since last: 334684189 ns, Reaching safepoint: 96669 ns, At safepoint: 9746943 ns, Total: 9843612 ns
[2022-12-22T02:40:04.743+0000][7][gc,start    ] GC(2) Pause Young (Normal) (G1 Evacuation Pause)
[2022-12-22T02:40:04.743+0000][7][gc,task     ] GC(2) Using 2 workers of 2 for evacuation
[2022-12-22T02:40:04.743+0000][7][gc,age      ] GC(2) Desired survivor size 6291456 bytes, new threshold 15 (max threshold 15)
[2022-12-22T02:40:04.747+0000][7][gc,phases   ] GC(2)   Pre Evacuate Collection Set: 0.1ms
[2022-12-22T02:40:04.747+0000][7][gc,phases   ] GC(2)   Merge Heap Roots: 0.0ms
[2022-12-22T02:40:04.748+0000][7][gc,phases   ] GC(2)   Evacuate Collection Set: 4.2ms
[2022-12-22T02:40:04.748+0000][7][gc,phases   ] GC(2)   Post Evacuate Collection Set: 0.3ms
[2022-12-22T02:40:04.748+0000][7][gc,phases   ] GC(2)   Other: 0.0ms
[2022-12-22T02:40:04.748+0000][7][gc,age      ] GC(2) Age table with threshold 15 (max threshold 15)
[2022-12-22T02:40:04.748+0000][7][gc,age      ] GC(2) - age   1:    3018368 bytes,    3018368 total
[2022-12-22T02:40:04.748+0000][7][gc,age      ] GC(2) - age   2:    1723680 bytes,    4742048 total
[2022-12-22T02:40:04.748+0000][7][gc,heap     ] GC(2) Eden regions: 23->0(22)
[2022-12-22T02:40:04.748+0000][7][gc,heap     ] GC(2) Survivor regions: 1->2(3)
[2022-12-22T02:40:04.748+0000][7][gc,heap     ] GC(2) Old regions: 2->2
[2022-12-22T02:40:04.748+0000][7][gc,heap     ] GC(2) Archive regions: 2->2
[2022-12-22T02:40:04.748+0000][7][gc,heap     ] GC(2) Humongous regions: 0->0
[2022-12-22T02:40:04.748+0000][7][gc,metaspace] GC(2) Metaspace: 18491K(18880K)->18491K(18880K) NonClass: 16374K(16576K)->16374K(16576K) Class: 2116K(2304K)->2116K(2304K)
[2022-12-22T02:40:04.748+0000][7][gc          ] GC(2) Pause Young (Normal) (G1 Evacuation Pause) 106M->16M(1976M) 4.830ms
[2022-12-22T02:40:04.748+0000][7][gc,cpu      ] GC(2) User=0.01s Sys=0.00s Real=0.01s
[2022-12-22T02:40:04.748+0000][7][safepoint   ] Safepoint "G1CollectForAllocation", Time since last: 203728905 ns, Reaching safepoint: 45357 ns, At safepoint: 4858546 ns, Total: 4903903 ns
[2022-12-22T02:40:04.848+0000][7][gc,start    ] GC(3) Pause Young (Normal) (G1 Evacuation Pause)
[2022-12-22T02:40:04.849+0000][7][gc,task     ] GC(3) Using 2 workers of 2 for evacuation
[2022-12-22T02:40:04.849+0000][7][gc,age      ] GC(3) Desired survivor size 6291456 bytes, new threshold 15 (max threshold 15)
[2022-12-22T02:40:04.851+0000][7][gc,phases   ] GC(3)   Pre Evacuate Collection Set: 0.1ms
[2022-12-22T02:40:04.852+0000][7][gc,phases   ] GC(3)   Merge Heap Roots: 0.0ms
[2022-12-22T02:40:04.852+0000][7][gc,phases   ] GC(3)   Evacuate Collection Set: 2.4ms
[2022-12-22T02:40:04.852+0000][7][gc,phases   ] GC(3)   Post Evacuate Collection Set: 0.3ms
[2022-12-22T02:40:04.852+0000][7][gc,phases   ] GC(3)   Other: 0.1ms
[2022-12-22T02:40:04.852+0000][7][gc,age      ] GC(3) Age table with threshold 15 (max threshold 15)
[2022-12-22T02:40:04.852+0000][7][gc,age      ] GC(3) - age   1:    1111424 bytes,    1111424 total
[2022-12-22T02:40:04.852+0000][7][gc,age      ] GC(3) - age   2:    1662336 bytes,    2773760 total
[2022-12-22T02:40:04.852+0000][7][gc,age      ] GC(3) - age   3:    1723648 bytes,    4497408 total
[2022-12-22T02:40:04.852+0000][7][gc,heap     ] GC(3) Eden regions: 22->0(25)
[2022-12-22T02:40:04.852+0000][7][gc,heap     ] GC(3) Survivor regions: 2->2(3)
[2022-12-22T02:40:04.852+0000][7][gc,heap     ] GC(3) Old regions: 2->2
[2022-12-22T02:40:04.852+0000][7][gc,heap     ] GC(3) Archive regions: 2->2
[2022-12-22T02:40:04.852+0000][7][gc,heap     ] GC(3) Humongous regions: 0->0
[2022-12-22T02:40:04.852+0000][7][gc,metaspace] GC(3) Metaspace: 18600K(18944K)->18600K(18944K) NonClass: 16471K(16640K)->16471K(16640K) Class: 2128K(2304K)->2128K(2304K)
[2022-12-22T02:40:04.852+0000][7][gc          ] GC(3) Pause Young (Normal) (G1 Evacuation Pause) 104M->16M(1976M) 3.091ms
[2022-12-22T02:40:04.852+0000][7][gc,cpu      ] GC(3) User=0.01s Sys=0.00s Real=0.00s
[2022-12-22T02:40:04.852+0000][7][safepoint   ] Safepoint "G1CollectForAllocation", Time since last: 100848973 ns, Reaching safepoint: 39763 ns, At safepoint: 3118970 ns, Total: 3158733 ns
[2022-12-22T02:40:04.990+0000][7][gc,start    ] GC(4) Pause Young (Normal) (G1 Evacuation Pause)
[2022-12-22T02:40:04.990+0000][7][gc,task     ] GC(4) Using 2 workers of 2 for evacuation
[2022-12-22T02:40:04.990+0000][7][gc,age      ] GC(4) Desired survivor size 8388608 bytes, new threshold 15 (max threshold 15)
[2022-12-22T02:40:04.994+0000][7][gc,phases   ] GC(4)   Pre Evacuate Collection Set: 0.1ms
[2022-12-22T02:40:04.994+0000][7][gc,phases   ] GC(4)   Merge Heap Roots: 0.0ms
[2022-12-22T02:40:04.994+0000][7][gc,phases   ] GC(4)   Evacuate Collection Set: 3.4ms
[2022-12-22T02:40:04.994+0000][7][gc,phases   ] GC(4)   Post Evacuate Collection Set: 0.4ms
[2022-12-22T02:40:04.994+0000][7][gc,phases   ] GC(4)   Other: 0.0ms
[2022-12-22T02:40:04.994+0000][7][gc,age      ] GC(4) Age table with threshold 15 (max threshold 15)
[2022-12-22T02:40:04.994+0000][7][gc,age      ] GC(4) - age   1:    3842376 bytes,    3842376 total
[2022-12-22T02:40:04.994+0000][7][gc,age      ] GC(4) - age   2:     276984 bytes,    4119360 total
[2022-12-22T02:40:04.994+0000][7][gc,age      ] GC(4) - age   3:    1661992 bytes,    5781352 total
[2022-12-22T02:40:04.994+0000][7][gc,age      ] GC(4) - age   4:    1721528 bytes,    7502880 total
[2022-12-22T02:40:04.994+0000][7][gc,heap     ] GC(4) Eden regions: 25->0(294)
[2022-12-22T02:40:04.994+0000][7][gc,heap     ] GC(4) Survivor regions: 2->2(4)
[2022-12-22T02:40:04.994+0000][7][gc,heap     ] GC(4) Old regions: 2->2
[2022-12-22T02:40:04.994+0000][7][gc,heap     ] GC(4) Archive regions: 2->2
[2022-12-22T02:40:04.994+0000][7][gc,heap     ] GC(4) Humongous regions: 0->0
[2022-12-22T02:40:04.994+0000][7][gc,metaspace] GC(4) Metaspace: 19243K(19584K)->19243K(19584K) NonClass: 17018K(17216K)->17018K(17216K) Class: 2225K(2368K)->2225K(2368K)
[2022-12-22T02:40:04.995+0000][7][gc          ] GC(4) Pause Young (Normal) (G1 Evacuation Pause) 116M->18M(1976M) 4.088ms
[2022-12-22T02:40:04.995+0000][7][gc,cpu      ] GC(4) User=0.00s Sys=0.00s Real=0.01s
[2022-12-22T02:40:04.995+0000][7][safepoint   ] Safepoint "G1CollectForAllocation", Time since last: 138792451 ns, Reaching safepoint: 38741 ns, At safepoint: 4116995 ns, Total: 4155736 ns
[2022-12-22T02:40:05.737+0000][7][gc,start    ] GC(5) Pause Young (Concurrent Start) (Metadata GC Threshold)
[2022-12-22T02:40:05.737+0000][7][gc,task     ] GC(5) Using 2 workers of 2 for evacuation
[2022-12-22T02:40:05.737+0000][7][gc,age      ] GC(5) Desired survivor size 77594624 bytes, new threshold 15 (max threshold 15)
[2022-12-22T02:40:05.741+0000][7][gc,phases   ] GC(5)   Pre Evacuate Collection Set: 0.2ms
[2022-12-22T02:40:05.741+0000][7][gc,phases   ] GC(5)   Merge Heap Roots: 0.0ms
[2022-12-22T02:40:05.741+0000][7][gc,phases   ] GC(5)   Evacuate Collection Set: 3.5ms
[2022-12-22T02:40:05.741+0000][7][gc,phases   ] GC(5)   Post Evacuate Collection Set: 0.5ms
[2022-12-22T02:40:05.741+0000][7][gc,phases   ] GC(5)   Other: 0.1ms
[2022-12-22T02:40:05.741+0000][7][gc,age      ] GC(5) Age table with threshold 15 (max threshold 15)
[2022-12-22T02:40:05.741+0000][7][gc,age      ] GC(5) - age   1:    4192488 bytes,    4192488 total
[2022-12-22T02:40:05.741+0000][7][gc,age      ] GC(5) - age   2:    1754200 bytes,    5946688 total
[2022-12-22T02:40:05.741+0000][7][gc,age      ] GC(5) - age   3:     276800 bytes,    6223488 total
[2022-12-22T02:40:05.741+0000][7][gc,age      ] GC(5) - age   4:    1661800 bytes,    7885288 total
[2022-12-22T02:40:05.741+0000][7][gc,age      ] GC(5) - age   5:    1719608 bytes,    9604896 total
[2022-12-22T02:40:05.741+0000][7][gc,heap     ] GC(5) Eden regions: 158->0(164)
[2022-12-22T02:40:05.741+0000][7][gc,heap     ] GC(5) Survivor regions: 2->3(37)
[2022-12-22T02:40:05.741+0000][7][gc,heap     ] GC(5) Old regions: 2->2
[2022-12-22T02:40:05.741+0000][7][gc,heap     ] GC(5) Archive regions: 2->2
[2022-12-22T02:40:05.741+0000][7][gc,heap     ] GC(5) Humongous regions: 0->0
[2022-12-22T02:40:05.741+0000][7][gc,metaspace] GC(5) Metaspace: 20958K(21504K)->20958K(21504K) NonClass: 18514K(18816K)->18514K(18816K) Class: 2443K(2688K)->2443K(2688K)
[2022-12-22T02:40:05.741+0000][7][gc          ] GC(5) Pause Young (Concurrent Start) (Metadata GC Threshold) 648M->20M(1976M) 4.485ms
[2022-12-22T02:40:05.741+0000][7][gc,cpu      ] GC(5) User=0.00s Sys=0.00s Real=0.00s
[2022-12-22T02:40:05.742+0000][7][safepoint   ] Safepoint "CollectForMetadataAllocation", Time since last: 742288982 ns, Reaching safepoint: 141667 ns, At safepoint: 4567509 ns, Total: 4709176 ns
[2022-12-22T02:40:05.742+0000][7][gc          ] GC(6) Concurrent Mark Cycle
[2022-12-22T02:40:05.742+0000][7][gc,marking  ] GC(6) Concurrent Clear Claimed Marks
[2022-12-22T02:40:05.742+0000][7][gc,marking  ] GC(6) Concurrent Clear Claimed Marks 0.018ms
[2022-12-22T02:40:05.742+0000][7][gc,marking  ] GC(6) Concurrent Scan Root Regions
[2022-12-22T02:40:05.743+0000][7][gc,marking  ] GC(6) Concurrent Scan Root Regions 1.581ms
[2022-12-22T02:40:05.743+0000][7][gc,marking  ] GC(6) Concurrent Mark
[2022-12-22T02:40:05.743+0000][7][gc,marking  ] GC(6) Concurrent Mark From Roots
[2022-12-22T02:40:05.743+0000][7][gc,task     ] GC(6) Using 1 workers of 1 for marking
[2022-12-22T02:40:05.755+0000][7][gc,marking  ] GC(6) Concurrent Mark From Roots 11.974ms
[2022-12-22T02:40:05.755+0000][7][gc,marking  ] GC(6) Concurrent Preclean
[2022-12-22T02:40:05.755+0000][7][gc,marking  ] GC(6) Concurrent Preclean 0.037ms
[2022-12-22T02:40:05.755+0000][7][gc,start    ] GC(6) Pause Remark
[2022-12-22T02:40:05.758+0000][7][gc          ] GC(6) Pause Remark 24M->24M(1976M) 2.960ms
[2022-12-22T02:40:05.758+0000][7][gc,cpu      ] GC(6) User=0.01s Sys=0.00s Real=0.00s
[2022-12-22T02:40:05.758+0000][7][safepoint   ] Safepoint "G1PauseRemark", Time since last: 13758980 ns, Reaching safepoint: 31643 ns, At safepoint: 3001320 ns, Total: 3032963 ns
[2022-12-22T02:40:05.758+0000][7][gc,marking  ] GC(6) Concurrent Mark 15.140ms
[2022-12-22T02:40:05.758+0000][7][gc,marking  ] GC(6) Concurrent Rebuild Remembered Sets
[2022-12-22T02:40:05.768+0000][7][gc,marking  ] GC(6) Concurrent Rebuild Remembered Sets 9.841ms
[2022-12-22T02:40:05.768+0000][7][gc,start    ] GC(6) Pause Cleanup
[2022-12-22T02:40:05.768+0000][7][gc          ] GC(6) Pause Cleanup 24M->24M(1976M) 0.083ms
[2022-12-22T02:40:05.769+0000][7][gc,cpu      ] GC(6) User=0.00s Sys=0.00s Real=0.00s
[2022-12-22T02:40:05.769+0000][7][safepoint   ] Safepoint "G1PauseCleanup", Time since last: 9914114 ns, Reaching safepoint: 169091 ns, At safepoint: 118849 ns, Total: 287940 ns
[2022-12-22T02:40:05.769+0000][7][gc,marking  ] GC(6) Concurrent Cleanup for Next Mark
[2022-12-22T02:40:05.793+0000][7][gc,marking  ] GC(6) Concurrent Cleanup for Next Mark 24.733ms
[2022-12-22T02:40:05.793+0000][7][gc          ] GC(6) Concurrent Mark Cycle 51.741ms
[2022-12-22T02:40:06.345+0000][7][gc,heap,exit] Heap
[2022-12-22T02:40:06.345+0000][7][gc,heap,exit]  garbage-first heap   total 2023424K, used 517057K [0x0000000084800000, 0x0000000100000000)
[2022-12-22T02:40:06.345+0000][7][gc,heap,exit]   region size 4096K, 125 young (512000K), 3 survivors (12288K)
[2022-12-22T02:40:06.345+0000][7][gc,heap,exit]  Metaspace       used 22289K, committed 22912K, reserved 1114112K
[2022-12-22T02:40:06.345+0000][7][gc,heap,exit]   class space    used 2647K, committed 2880K, reserved 1048576K
